Archive member included to satisfy reference by file (symbol)

.\CortexM0\ARM_GCC_541\Debug\UART_Test_Slave.a(CyLib.o)
                              .\CortexM0\ARM_GCC_541\Debug\cyfitter_cfg.o (CyIntEnable)
.\CortexM0\ARM_GCC_541\Debug\UART_Test_Slave.a(CyLFClk.o)
                              .\CortexM0\ARM_GCC_541\Debug\cyfitter_cfg.o (CySysWdtIsr)
.\CortexM0\ARM_GCC_541\Debug\UART_Test_Slave.a(UART_ESP.o)
                              .\CortexM0\ARM_GCC_541\Debug\main.o (UART_ESP_Start)
.\CortexM0\ARM_GCC_541\Debug\UART_Test_Slave.a(UART_ESP_UART.o)
                              .\CortexM0\ARM_GCC_541\Debug\UART_Test_Slave.a(UART_ESP.o) (UART_ESP_UartInit)
.\CortexM0\ARM_GCC_541\Debug\UART_Test_Slave.a(UART_Putty.o)
                              .\CortexM0\ARM_GCC_541\Debug\main.o (UART_Putty_Start)
.\CortexM0\ARM_GCC_541\Debug\UART_Test_Slave.a(UART_Putty_UART.o)
                              .\CortexM0\ARM_GCC_541\Debug\UART_Test_Slave.a(UART_Putty.o) (UART_Putty_UartInit)
.\CortexM0\ARM_GCC_541\Debug\UART_Test_Slave.a(CyBootAsmGnu.o)
                              .\CortexM0\ARM_GCC_541\Debug\UART_Test_Slave.a(CyLib.o) (CyDelayCycles)
.\CortexM0\ARM_GCC_541\Debug\UART_Test_Slave.a(UART_ESP_SPI_UART.o)
                              .\CortexM0\ARM_GCC_541\Debug\UART_Test_Slave.a(UART_ESP_UART.o) (UART_ESP_SpiUartReadRxData)
.\CortexM0\ARM_GCC_541\Debug\UART_Test_Slave.a(UART_Putty_SPI_UART.o)
                              .\CortexM0\ARM_GCC_541\Debug\UART_Test_Slave.a(UART_Putty_UART.o) (UART_Putty_SpiUartReadRxData)
c:/program files (x86)/cypress/psoc creator/4.2/psoc creator/import/gnu/arm/5.4.1/bin/../lib/gcc/arm-none-eabi/5.4.1/armv6-m\libgcc.a(_udivsi3.o)
                              .\CortexM0\ARM_GCC_541\Debug\UART_Test_Slave.a(CyLib.o) (__aeabi_uidiv)
c:/program files (x86)/cypress/psoc creator/4.2/psoc creator/import/gnu/arm/5.4.1/bin/../lib/gcc/arm-none-eabi/5.4.1/armv6-m\libgcc.a(_dvmd_tls.o)
                              c:/program files (x86)/cypress/psoc creator/4.2/psoc creator/import/gnu/arm/5.4.1/bin/../lib/gcc/arm-none-eabi/5.4.1/armv6-m\libgcc.a(_udivsi3.o) (__aeabi_idiv0)
c:/program files (x86)/cypress/psoc creator/4.2/psoc creator/import/gnu/arm/5.4.1/bin/../lib/gcc/arm-none-eabi/5.4.1/../../../../arm-none-eabi/lib/armv6-m\libg_nano.a(lib_a-errno.o)
                              .\CortexM0\ARM_GCC_541\Debug\Cm0Start.o (__errno)
c:/program files (x86)/cypress/psoc creator/4.2/psoc creator/import/gnu/arm/5.4.1/bin/../lib/gcc/arm-none-eabi/5.4.1/../../../../arm-none-eabi/lib/armv6-m\libg_nano.a(lib_a-exit.o)
                              c:/program files (x86)/cypress/psoc creator/4.2/psoc creator/import/gnu/arm/5.4.1/bin/../lib/gcc/arm-none-eabi/5.4.1/../../../../arm-none-eabi/lib/armv6-m/crt0.o (exit)
c:/program files (x86)/cypress/psoc creator/4.2/psoc creator/import/gnu/arm/5.4.1/bin/../lib/gcc/arm-none-eabi/5.4.1/../../../../arm-none-eabi/lib/armv6-m\libg_nano.a(lib_a-impure.o)
                              c:/program files (x86)/cypress/psoc creator/4.2/psoc creator/import/gnu/arm/5.4.1/bin/../lib/gcc/arm-none-eabi/5.4.1/../../../../arm-none-eabi/lib/armv6-m\libg_nano.a(lib_a-exit.o) (_global_impure_ptr)
c:/program files (x86)/cypress/psoc creator/4.2/psoc creator/import/gnu/arm/5.4.1/bin/../lib/gcc/arm-none-eabi/5.4.1/../../../../arm-none-eabi/lib/armv6-m\libg_nano.a(lib_a-init.o)
                              c:/program files (x86)/cypress/psoc creator/4.2/psoc creator/import/gnu/arm/5.4.1/bin/../lib/gcc/arm-none-eabi/5.4.1/../../../../arm-none-eabi/lib/armv6-m/crt0.o (__libc_init_array)
c:/program files (x86)/cypress/psoc creator/4.2/psoc creator/import/gnu/arm/5.4.1/bin/../lib/gcc/arm-none-eabi/5.4.1/../../../../arm-none-eabi/lib/armv6-m\libg_nano.a(lib_a-memset.o)
                              c:/program files (x86)/cypress/psoc creator/4.2/psoc creator/import/gnu/arm/5.4.1/bin/../lib/gcc/arm-none-eabi/5.4.1/../../../../arm-none-eabi/lib/armv6-m/crt0.o (memset)

Allocating common symbols
Common symbol       size              file

byte                0x12              .\CortexM0\ARM_GCC_541\Debug\main.o

Discarded input sections

 .text          0x00000000        0x0 c:/program files (x86)/cypress/psoc creator/4.2/psoc creator/import/gnu/arm/5.4.1/bin/../lib/gcc/arm-none-eabi/5.4.1/armv6-m/crti.o
 .data          0x00000000        0x0 c:/program files (x86)/cypress/psoc creator/4.2/psoc creator/import/gnu/arm/5.4.1/bin/../lib/gcc/arm-none-eabi/5.4.1/armv6-m/crti.o
 .bss           0x00000000        0x0 c:/program files (x86)/cypress/psoc creator/4.2/psoc creator/import/gnu/arm/5.4.1/bin/../lib/gcc/arm-none-eabi/5.4.1/armv6-m/crti.o
 .data          0x00000000        0x4 c:/program files (x86)/cypress/psoc creator/4.2/psoc creator/import/gnu/arm/5.4.1/bin/../lib/gcc/arm-none-eabi/5.4.1/armv6-m/crtbegin.o
 .text          0x00000000       0x78 c:/program files (x86)/cypress/psoc creator/4.2/psoc creator/import/gnu/arm/5.4.1/bin/../lib/gcc/arm-none-eabi/5.4.1/../../../../arm-none-eabi/lib/armv6-m/crt0.o
 .data          0x00000000        0x0 c:/program files (x86)/cypress/psoc creator/4.2/psoc creator/import/gnu/arm/5.4.1/bin/../lib/gcc/arm-none-eabi/5.4.1/../../../../arm-none-eabi/lib/armv6-m/crt0.o
 .bss           0x00000000        0x0 c:/program files (x86)/cypress/psoc creator/4.2/psoc creator/import/gnu/arm/5.4.1/bin/../lib/gcc/arm-none-eabi/5.4.1/../../../../arm-none-eabi/lib/armv6-m/crt0.o
 .ARM.extab     0x00000000        0x0 c:/program files (x86)/cypress/psoc creator/4.2/psoc creator/import/gnu/arm/5.4.1/bin/../lib/gcc/arm-none-eabi/5.4.1/../../../../arm-none-eabi/lib/armv6-m/crt0.o
 .ARM.exidx     0x00000000        0x8 c:/program files (x86)/cypress/psoc creator/4.2/psoc creator/import/gnu/arm/5.4.1/bin/../lib/gcc/arm-none-eabi/5.4.1/../../../../arm-none-eabi/lib/armv6-m/crt0.o
 .text          0x00000000        0x0 .\CortexM0\ARM_GCC_541\Debug\main.o
 .data          0x00000000        0x0 .\CortexM0\ARM_GCC_541\Debug\main.o
 .text          0x00000000        0x0 .\CortexM0\ARM_GCC_541\Debug\cyfitter_cfg.o
 .data          0x00000000        0x0 .\CortexM0\ARM_GCC_541\Debug\cyfitter_cfg.o
 .bss           0x00000000        0x0 .\CortexM0\ARM_GCC_541\Debug\cyfitter_cfg.o
 .text          0x00000000        0x0 .\CortexM0\ARM_GCC_541\Debug\cymetadata.o
 .data          0x00000000        0x0 .\CortexM0\ARM_GCC_541\Debug\cymetadata.o
 .bss           0x00000000        0x0 .\CortexM0\ARM_GCC_541\Debug\cymetadata.o
 .text          0x00000000        0x0 .\CortexM0\ARM_GCC_541\Debug\Cm0Start.o
 .data          0x00000000        0x4 .\CortexM0\ARM_GCC_541\Debug\Cm0Start.o
 .bss           0x00000000        0x0 .\CortexM0\ARM_GCC_541\Debug\Cm0Start.o
 .text._exit    0x00000000        0xc .\CortexM0\ARM_GCC_541\Debug\Cm0Start.o
 .text._sbrk    0x00000000       0x30 .\CortexM0\ARM_GCC_541\Debug\Cm0Start.o
 .text          0x00000000        0x0 .\CortexM0\ARM_GCC_541\Debug\UART_Test_Slave.a(CyLib.o)
 .bss           0x00000000       0x18 .\CortexM0\ARM_GCC_541\Debug\UART_Test_Slave.a(CyLib.o)
 .text.CySysClkImoStart
                0x00000000       0x14 .\CortexM0\ARM_GCC_541\Debug\UART_Test_Slave.a(CyLib.o)
 .text.CySysClkImoStop
                0x00000000       0x10 .\CortexM0\ARM_GCC_541\Debug\UART_Test_Slave.a(CyLib.o)
 .text.CySysClkWriteHfclkDirect
                0x00000000       0x20 .\CortexM0\ARM_GCC_541\Debug\UART_Test_Slave.a(CyLib.o)
 .text.CySysEnablePumpClock
                0x00000000       0x38 .\CortexM0\ARM_GCC_541\Debug\UART_Test_Slave.a(CyLib.o)
 .text.CySysClkGetSysclkSource
                0x00000000       0x1c .\CortexM0\ARM_GCC_541\Debug\UART_Test_Slave.a(CyLib.o)
 .text.CySysClkWriteSysclkDiv
                0x00000000       0x30 .\CortexM0\ARM_GCC_541\Debug\UART_Test_Slave.a(CyLib.o)
 .text.CySysLvdDisable
                0x00000000       0x20 .\CortexM0\ARM_GCC_541\Debug\UART_Test_Slave.a(CyLib.o)
 .text.CySysLvdGetInterruptSource
                0x00000000       0x10 .\CortexM0\ARM_GCC_541\Debug\UART_Test_Slave.a(CyLib.o)
 .text.CySysLvdClearInterrupt
                0x00000000        0xc .\CortexM0\ARM_GCC_541\Debug\UART_Test_Slave.a(CyLib.o)
 .text.CySysGetResetReason
                0x00000000       0x14 .\CortexM0\ARM_GCC_541\Debug\UART_Test_Slave.a(CyLib.o)
 .text.CyDisableInts
                0x00000000       0x10 .\CortexM0\ARM_GCC_541\Debug\UART_Test_Slave.a(CyLib.o)
 .text.CyEnableInts
                0x00000000        0xc .\CortexM0\ARM_GCC_541\Debug\UART_Test_Slave.a(CyLib.o)
 .text.CyIntGetState
                0x00000000       0x18 .\CortexM0\ARM_GCC_541\Debug\UART_Test_Slave.a(CyLib.o)
 .text.CyIntDisable
                0x00000000       0x14 .\CortexM0\ARM_GCC_541\Debug\UART_Test_Slave.a(CyLib.o)
 .text.CyIntSetPending
                0x00000000       0x14 .\CortexM0\ARM_GCC_541\Debug\UART_Test_Slave.a(CyLib.o)
 .text.CyIntClearPending
                0x00000000       0x14 .\CortexM0\ARM_GCC_541\Debug\UART_Test_Slave.a(CyLib.o)
 .text.CyIntSetSysVector
                0x00000000       0x20 .\CortexM0\ARM_GCC_541\Debug\UART_Test_Slave.a(CyLib.o)
 .text.CyIntGetSysVector
                0x00000000       0x1c .\CortexM0\ARM_GCC_541\Debug\UART_Test_Slave.a(CyLib.o)
 .text.CyIntGetVector
                0x00000000       0x20 .\CortexM0\ARM_GCC_541\Debug\UART_Test_Slave.a(CyLib.o)
 .text.CyIntSetPriority
                0x00000000       0x4c .\CortexM0\ARM_GCC_541\Debug\UART_Test_Slave.a(CyLib.o)
 .text.CyIntGetPriority
                0x00000000       0x2c .\CortexM0\ARM_GCC_541\Debug\UART_Test_Slave.a(CyLib.o)
 .text.CySoftwareReset
                0x00000000       0x18 .\CortexM0\ARM_GCC_541\Debug\UART_Test_Slave.a(CyLib.o)
 .text.CySysLvdEnable
                0x00000000       0x44 .\CortexM0\ARM_GCC_541\Debug\UART_Test_Slave.a(CyLib.o)
 .text.CyDelayFreq
                0x00000000       0x4c .\CortexM0\ARM_GCC_541\Debug\UART_Test_Slave.a(CyLib.o)
 .text.CySysTickStop
                0x00000000       0x10 .\CortexM0\ARM_GCC_541\Debug\UART_Test_Slave.a(CyLib.o)
 .text.CySysTickEnableInterrupt
                0x00000000       0x10 .\CortexM0\ARM_GCC_541\Debug\UART_Test_Slave.a(CyLib.o)
 .text.CySysTickEnable
                0x00000000       0x18 .\CortexM0\ARM_GCC_541\Debug\UART_Test_Slave.a(CyLib.o)
 .text.CySysTickDisableInterrupt
                0x00000000       0x10 .\CortexM0\ARM_GCC_541\Debug\UART_Test_Slave.a(CyLib.o)
 .text.CySysTickSetReload
                0x00000000       0x10 .\CortexM0\ARM_GCC_541\Debug\UART_Test_Slave.a(CyLib.o)
 .text.CySysTickGetReload
                0x00000000       0x10 .\CortexM0\ARM_GCC_541\Debug\UART_Test_Slave.a(CyLib.o)
 .text.CySysTickGetValue
                0x00000000       0x10 .\CortexM0\ARM_GCC_541\Debug\UART_Test_Slave.a(CyLib.o)
 .text.CySysTickGetCountFlag
                0x00000000       0x10 .\CortexM0\ARM_GCC_541\Debug\UART_Test_Slave.a(CyLib.o)
 .text.CySysTickServiceCallbacks
                0x00000000       0x28 .\CortexM0\ARM_GCC_541\Debug\UART_Test_Slave.a(CyLib.o)
 .text.CySysTickClear
                0x00000000        0xc .\CortexM0\ARM_GCC_541\Debug\UART_Test_Slave.a(CyLib.o)
 .text.CySysTickInit
                0x00000000       0x40 .\CortexM0\ARM_GCC_541\Debug\UART_Test_Slave.a(CyLib.o)
 .text.CySysTickStart
                0x00000000       0x20 .\CortexM0\ARM_GCC_541\Debug\UART_Test_Slave.a(CyLib.o)
 .text.CySysTickSetCallback
                0x00000000       0x10 .\CortexM0\ARM_GCC_541\Debug\UART_Test_Slave.a(CyLib.o)
 .text.CySysTickGetCallback
                0x00000000        0xc .\CortexM0\ARM_GCC_541\Debug\UART_Test_Slave.a(CyLib.o)
 .text.CyGetUniqueId
                0x00000000       0x70 .\CortexM0\ARM_GCC_541\Debug\UART_Test_Slave.a(CyLib.o)
 .text          0x00000000        0x0 .\CortexM0\ARM_GCC_541\Debug\UART_Test_Slave.a(CyLFClk.o)
 .text.CySysClkIloEnabled
                0x00000000       0x14 .\CortexM0\ARM_GCC_541\Debug\UART_Test_Slave.a(CyLFClk.o)
 .text.CySysClkIloStart
                0x00000000       0x14 .\CortexM0\ARM_GCC_541\Debug\UART_Test_Slave.a(CyLFClk.o)
 .text.CySysClkIloStartMeasurement
                0x00000000       0x34 .\CortexM0\ARM_GCC_541\Debug\UART_Test_Slave.a(CyLFClk.o)
 .text.CySysClkIloStopMeasurement
                0x00000000       0x14 .\CortexM0\ARM_GCC_541\Debug\UART_Test_Slave.a(CyLFClk.o)
 .text.CySysClkIloCompensate
                0x00000000      0x104 .\CortexM0\ARM_GCC_541\Debug\UART_Test_Slave.a(CyLFClk.o)
 .text.CySysWdtGetEnabledStatus
                0x00000000       0x24 .\CortexM0\ARM_GCC_541\Debug\UART_Test_Slave.a(CyLFClk.o)
 .text.CySysWdtSetMode
                0x00000000       0x38 .\CortexM0\ARM_GCC_541\Debug\UART_Test_Slave.a(CyLFClk.o)
 .text.CySysClkLfclkPosedgeRestore
                0x00000000       0x2c .\CortexM0\ARM_GCC_541\Debug\UART_Test_Slave.a(CyLFClk.o)
 .text.CySysWdtGetMode
                0x00000000       0x14 .\CortexM0\ARM_GCC_541\Debug\UART_Test_Slave.a(CyLFClk.o)
 .text.CySysWdtSetClearOnMatch
                0x00000000       0x34 .\CortexM0\ARM_GCC_541\Debug\UART_Test_Slave.a(CyLFClk.o)
 .text.CySysWdtGetClearOnMatch
                0x00000000       0x24 .\CortexM0\ARM_GCC_541\Debug\UART_Test_Slave.a(CyLFClk.o)
 .text.CySysWdtEnable
                0x00000000       0x40 .\CortexM0\ARM_GCC_541\Debug\UART_Test_Slave.a(CyLFClk.o)
 .text.CySysWdtDisable
                0x00000000       0x44 .\CortexM0\ARM_GCC_541\Debug\UART_Test_Slave.a(CyLFClk.o)
 .text.CySysWdtSetCascade
                0x00000000       0x34 .\CortexM0\ARM_GCC_541\Debug\UART_Test_Slave.a(CyLFClk.o)
 .text.CySysWdtGetCascade
                0x00000000       0x14 .\CortexM0\ARM_GCC_541\Debug\UART_Test_Slave.a(CyLFClk.o)
 .text.CySysWdtSetMatch
                0x00000000       0x38 .\CortexM0\ARM_GCC_541\Debug\UART_Test_Slave.a(CyLFClk.o)
 .text.CySysWdtSetToggleBit
                0x00000000       0x30 .\CortexM0\ARM_GCC_541\Debug\UART_Test_Slave.a(CyLFClk.o)
 .text.CySysWdtGetToggleBit
                0x00000000       0x10 .\CortexM0\ARM_GCC_541\Debug\UART_Test_Slave.a(CyLFClk.o)
 .text.CySysWdtGetMatch
                0x00000000       0x20 .\CortexM0\ARM_GCC_541\Debug\UART_Test_Slave.a(CyLFClk.o)
 .text.CySysWdtGetCount
                0x00000000       0x3c .\CortexM0\ARM_GCC_541\Debug\UART_Test_Slave.a(CyLFClk.o)
 .text.CySysClkLfclkPosedgeCatch
                0x00000000       0x74 .\CortexM0\ARM_GCC_541\Debug\UART_Test_Slave.a(CyLFClk.o)
 .text.CySysClkIloStop
                0x00000000       0x38 .\CortexM0\ARM_GCC_541\Debug\UART_Test_Slave.a(CyLFClk.o)
 .text.CySysWdtGetInterruptSource
                0x00000000       0x14 .\CortexM0\ARM_GCC_541\Debug\UART_Test_Slave.a(CyLFClk.o)
 .text.CySysWdtResetCounters
                0x00000000       0x20 .\CortexM0\ARM_GCC_541\Debug\UART_Test_Slave.a(CyLFClk.o)
 .text.CySysWdtSetInterruptCallback
                0x00000000       0x20 .\CortexM0\ARM_GCC_541\Debug\UART_Test_Slave.a(CyLFClk.o)
 .text.CySysWdtGetInterruptCallback
                0x00000000       0x20 .\CortexM0\ARM_GCC_541\Debug\UART_Test_Slave.a(CyLFClk.o)
 .text.CySysWdtEnableCounterIsr
                0x00000000       0x34 .\CortexM0\ARM_GCC_541\Debug\UART_Test_Slave.a(CyLFClk.o)
 .text.CySysWdtDisableCounterIsr
                0x00000000       0x28 .\CortexM0\ARM_GCC_541\Debug\UART_Test_Slave.a(CyLFClk.o)
 .text.CySysWatchdogFeed
                0x00000000       0x60 .\CortexM0\ARM_GCC_541\Debug\UART_Test_Slave.a(CyLFClk.o)
 .text.CySysTimerDelayUntilMatch
                0x00000000       0x6c .\CortexM0\ARM_GCC_541\Debug\UART_Test_Slave.a(CyLFClk.o)
 .text.CySysTimerDelay
                0x00000000       0x3c .\CortexM0\ARM_GCC_541\Debug\UART_Test_Slave.a(CyLFClk.o)
 .rodata        0x00000000        0xc .\CortexM0\ARM_GCC_541\Debug\UART_Test_Slave.a(CyLFClk.o)
 .text          0x00000000        0x0 .\CortexM0\ARM_GCC_541\Debug\UART_Test_Slave.a(UART_ESP.o)
 .data          0x00000000        0x0 .\CortexM0\ARM_GCC_541\Debug\UART_Test_Slave.a(UART_ESP.o)
 .text.UART_ESP_ScbModeStop
                0x00000000        0x8 .\CortexM0\ARM_GCC_541\Debug\UART_Test_Slave.a(UART_ESP.o)
 .text.UART_ESP_Stop
                0x00000000       0x20 .\CortexM0\ARM_GCC_541\Debug\UART_Test_Slave.a(UART_ESP.o)
 .text.UART_ESP_SetRxFifoLevel
                0x00000000       0x14 .\CortexM0\ARM_GCC_541\Debug\UART_Test_Slave.a(UART_ESP.o)
 .text.UART_ESP_SetTxFifoLevel
                0x00000000       0x14 .\CortexM0\ARM_GCC_541\Debug\UART_Test_Slave.a(UART_ESP.o)
 .text.UART_ESP_I2CSlaveNackGeneration
                0x00000000       0x3c .\CortexM0\ARM_GCC_541\Debug\UART_Test_Slave.a(UART_ESP.o)
 .text          0x00000000        0x0 .\CortexM0\ARM_GCC_541\Debug\UART_Test_Slave.a(UART_ESP_UART.o)
 .data          0x00000000        0x0 .\CortexM0\ARM_GCC_541\Debug\UART_Test_Slave.a(UART_ESP_UART.o)
 .bss           0x00000000        0x0 .\CortexM0\ARM_GCC_541\Debug\UART_Test_Slave.a(UART_ESP_UART.o)
 .text.UART_ESP_UartStop
                0x00000000       0x28 .\CortexM0\ARM_GCC_541\Debug\UART_Test_Slave.a(UART_ESP_UART.o)
 .text.UART_ESP_UartSetRxAddress
                0x00000000       0x14 .\CortexM0\ARM_GCC_541\Debug\UART_Test_Slave.a(UART_ESP_UART.o)
 .text.UART_ESP_UartSetRxAddressMask
                0x00000000       0x18 .\CortexM0\ARM_GCC_541\Debug\UART_Test_Slave.a(UART_ESP_UART.o)
 .text.UART_ESP_UartGetByte
                0x00000000       0x34 .\CortexM0\ARM_GCC_541\Debug\UART_Test_Slave.a(UART_ESP_UART.o)
 .text.UART_ESP_UartPutString
                0x00000000       0x18 .\CortexM0\ARM_GCC_541\Debug\UART_Test_Slave.a(UART_ESP_UART.o)
 .text.UART_ESP_UartPutCRLF
                0x00000000       0x14 .\CortexM0\ARM_GCC_541\Debug\UART_Test_Slave.a(UART_ESP_UART.o)
 .text.UART_ESP_UartSendBreakBlocking
                0x00000000       0x58 .\CortexM0\ARM_GCC_541\Debug\UART_Test_Slave.a(UART_ESP_UART.o)
 .text          0x00000000        0x0 .\CortexM0\ARM_GCC_541\Debug\UART_Test_Slave.a(UART_Putty.o)
 .data          0x00000000        0x0 .\CortexM0\ARM_GCC_541\Debug\UART_Test_Slave.a(UART_Putty.o)
 .text.UART_Putty_ScbModeStop
                0x00000000        0x8 .\CortexM0\ARM_GCC_541\Debug\UART_Test_Slave.a(UART_Putty.o)
 .text.UART_Putty_Stop
                0x00000000       0x20 .\CortexM0\ARM_GCC_541\Debug\UART_Test_Slave.a(UART_Putty.o)
 .text.UART_Putty_SetRxFifoLevel
                0x00000000       0x14 .\CortexM0\ARM_GCC_541\Debug\UART_Test_Slave.a(UART_Putty.o)
 .text.UART_Putty_SetTxFifoLevel
                0x00000000       0x14 .\CortexM0\ARM_GCC_541\Debug\UART_Test_Slave.a(UART_Putty.o)
 .text.UART_Putty_I2CSlaveNackGeneration
                0x00000000       0x3c .\CortexM0\ARM_GCC_541\Debug\UART_Test_Slave.a(UART_Putty.o)
 .text          0x00000000        0x0 .\CortexM0\ARM_GCC_541\Debug\UART_Test_Slave.a(UART_Putty_UART.o)
 .data          0x00000000        0x0 .\CortexM0\ARM_GCC_541\Debug\UART_Test_Slave.a(UART_Putty_UART.o)
 .bss           0x00000000        0x0 .\CortexM0\ARM_GCC_541\Debug\UART_Test_Slave.a(UART_Putty_UART.o)
 .text.UART_Putty_UartStop
                0x00000000       0x28 .\CortexM0\ARM_GCC_541\Debug\UART_Test_Slave.a(UART_Putty_UART.o)
 .text.UART_Putty_UartSetRxAddress
                0x00000000       0x14 .\CortexM0\ARM_GCC_541\Debug\UART_Test_Slave.a(UART_Putty_UART.o)
 .text.UART_Putty_UartSetRxAddressMask
                0x00000000       0x18 .\CortexM0\ARM_GCC_541\Debug\UART_Test_Slave.a(UART_Putty_UART.o)
 .text.UART_Putty_UartGetChar
                0x00000000       0x2c .\CortexM0\ARM_GCC_541\Debug\UART_Test_Slave.a(UART_Putty_UART.o)
 .text.UART_Putty_UartGetByte
                0x00000000       0x34 .\CortexM0\ARM_GCC_541\Debug\UART_Test_Slave.a(UART_Putty_UART.o)
 .text.UART_Putty_UartSendBreakBlocking
                0x00000000       0x58 .\CortexM0\ARM_GCC_541\Debug\UART_Test_Slave.a(UART_Putty_UART.o)
 .data          0x00000000        0x0 .\CortexM0\ARM_GCC_541\Debug\UART_Test_Slave.a(CyBootAsmGnu.o)
 .bss           0x00000000        0x0 .\CortexM0\ARM_GCC_541\Debug\UART_Test_Slave.a(CyBootAsmGnu.o)
 .text          0x00000000        0x0 .\CortexM0\ARM_GCC_541\Debug\UART_Test_Slave.a(UART_ESP_SPI_UART.o)
 .data          0x00000000        0x0 .\CortexM0\ARM_GCC_541\Debug\UART_Test_Slave.a(UART_ESP_SPI_UART.o)
 .bss           0x00000000        0x0 .\CortexM0\ARM_GCC_541\Debug\UART_Test_Slave.a(UART_ESP_SPI_UART.o)
 .text.UART_ESP_SpiUartClearRxBuffer
                0x00000000       0x20 .\CortexM0\ARM_GCC_541\Debug\UART_Test_Slave.a(UART_ESP_SPI_UART.o)
 .text.UART_ESP_SpiUartWriteTxData
                0x00000000       0x1c .\CortexM0\ARM_GCC_541\Debug\UART_Test_Slave.a(UART_ESP_SPI_UART.o)
 .text.UART_ESP_SpiUartPutArray
                0x00000000       0x18 .\CortexM0\ARM_GCC_541\Debug\UART_Test_Slave.a(UART_ESP_SPI_UART.o)
 .text.UART_ESP_SpiUartGetTxBufferSize
                0x00000000       0x10 .\CortexM0\ARM_GCC_541\Debug\UART_Test_Slave.a(UART_ESP_SPI_UART.o)
 .text.UART_ESP_SpiUartClearTxBuffer
                0x00000000       0x20 .\CortexM0\ARM_GCC_541\Debug\UART_Test_Slave.a(UART_ESP_SPI_UART.o)
 .text.UART_ESP_SpiUartDisableIntRx
                0x00000000       0x10 .\CortexM0\ARM_GCC_541\Debug\UART_Test_Slave.a(UART_ESP_SPI_UART.o)
 .text.UART_ESP_SpiUartDisableIntTx
                0x00000000       0x10 .\CortexM0\ARM_GCC_541\Debug\UART_Test_Slave.a(UART_ESP_SPI_UART.o)
 .text          0x00000000        0x0 .\CortexM0\ARM_GCC_541\Debug\UART_Test_Slave.a(UART_Putty_SPI_UART.o)
 .data          0x00000000        0x0 .\CortexM0\ARM_GCC_541\Debug\UART_Test_Slave.a(UART_Putty_SPI_UART.o)
 .bss           0x00000000        0x0 .\CortexM0\ARM_GCC_541\Debug\UART_Test_Slave.a(UART_Putty_SPI_UART.o)
 .text.UART_Putty_SpiUartReadRxData
                0x00000000        0xc .\CortexM0\ARM_GCC_541\Debug\UART_Test_Slave.a(UART_Putty_SPI_UART.o)
 .text.UART_Putty_SpiUartGetRxBufferSize
                0x00000000       0x10 .\CortexM0\ARM_GCC_541\Debug\UART_Test_Slave.a(UART_Putty_SPI_UART.o)
 .text.UART_Putty_SpiUartClearRxBuffer
                0x00000000       0x20 .\CortexM0\ARM_GCC_541\Debug\UART_Test_Slave.a(UART_Putty_SPI_UART.o)
 .text.UART_Putty_SpiUartPutArray
                0x00000000       0x18 .\CortexM0\ARM_GCC_541\Debug\UART_Test_Slave.a(UART_Putty_SPI_UART.o)
 .text.UART_Putty_SpiUartGetTxBufferSize
                0x00000000       0x10 .\CortexM0\ARM_GCC_541\Debug\UART_Test_Slave.a(UART_Putty_SPI_UART.o)
 .text.UART_Putty_SpiUartClearTxBuffer
                0x00000000       0x20 .\CortexM0\ARM_GCC_541\Debug\UART_Test_Slave.a(UART_Putty_SPI_UART.o)
 .text.UART_Putty_SpiUartDisableIntRx
                0x00000000       0x10 .\CortexM0\ARM_GCC_541\Debug\UART_Test_Slave.a(UART_Putty_SPI_UART.o)
 .text.UART_Putty_SpiUartDisableIntTx
                0x00000000       0x10 .\CortexM0\ARM_GCC_541\Debug\UART_Test_Slave.a(UART_Putty_SPI_UART.o)
 .text          0x00000000      0x114 c:/program files (x86)/cypress/psoc creator/4.2/psoc creator/import/gnu/arm/5.4.1/bin/../lib/gcc/arm-none-eabi/5.4.1/armv6-m\libgcc.a(_udivsi3.o)
 .data          0x00000000        0x0 c:/program files (x86)/cypress/psoc creator/4.2/psoc creator/import/gnu/arm/5.4.1/bin/../lib/gcc/arm-none-eabi/5.4.1/armv6-m\libgcc.a(_udivsi3.o)
 .bss           0x00000000        0x0 c:/program files (x86)/cypress/psoc creator/4.2/psoc creator/import/gnu/arm/5.4.1/bin/../lib/gcc/arm-none-eabi/5.4.1/armv6-m\libgcc.a(_udivsi3.o)
 .text          0x00000000        0x4 c:/program files (x86)/cypress/psoc creator/4.2/psoc creator/import/gnu/arm/5.4.1/bin/../lib/gcc/arm-none-eabi/5.4.1/armv6-m\libgcc.a(_dvmd_tls.o)
 .data          0x00000000        0x0 c:/program files (x86)/cypress/psoc creator/4.2/psoc creator/import/gnu/arm/5.4.1/bin/../lib/gcc/arm-none-eabi/5.4.1/armv6-m\libgcc.a(_dvmd_tls.o)
 .bss           0x00000000        0x0 c:/program files (x86)/cypress/psoc creator/4.2/psoc creator/import/gnu/arm/5.4.1/bin/../lib/gcc/arm-none-eabi/5.4.1/armv6-m\libgcc.a(_dvmd_tls.o)
 .text          0x00000000        0x0 c:/program files (x86)/cypress/psoc creator/4.2/psoc creator/import/gnu/arm/5.4.1/bin/../lib/gcc/arm-none-eabi/5.4.1/../../../../arm-none-eabi/lib/armv6-m\libg_nano.a(lib_a-errno.o)
 .data          0x00000000        0x0 c:/program files (x86)/cypress/psoc creator/4.2/psoc creator/import/gnu/arm/5.4.1/bin/../lib/gcc/arm-none-eabi/5.4.1/../../../../arm-none-eabi/lib/armv6-m\libg_nano.a(lib_a-errno.o)
 .bss           0x00000000        0x0 c:/program files (x86)/cypress/psoc creator/4.2/psoc creator/import/gnu/arm/5.4.1/bin/../lib/gcc/arm-none-eabi/5.4.1/../../../../arm-none-eabi/lib/armv6-m\libg_nano.a(lib_a-errno.o)
 .text          0x00000000        0x0 c:/program files (x86)/cypress/psoc creator/4.2/psoc creator/import/gnu/arm/5.4.1/bin/../lib/gcc/arm-none-eabi/5.4.1/../../../../arm-none-eabi/lib/armv6-m\libg_nano.a(lib_a-exit.o)
 .data          0x00000000        0x0 c:/program files (x86)/cypress/psoc creator/4.2/psoc creator/import/gnu/arm/5.4.1/bin/../lib/gcc/arm-none-eabi/5.4.1/../../../../arm-none-eabi/lib/armv6-m\libg_nano.a(lib_a-exit.o)
 .bss           0x00000000        0x0 c:/program files (x86)/cypress/psoc creator/4.2/psoc creator/import/gnu/arm/5.4.1/bin/../lib/gcc/arm-none-eabi/5.4.1/../../../../arm-none-eabi/lib/armv6-m\libg_nano.a(lib_a-exit.o)
 .text.exit     0x00000000       0x2c c:/program files (x86)/cypress/psoc creator/4.2/psoc creator/import/gnu/arm/5.4.1/bin/../lib/gcc/arm-none-eabi/5.4.1/../../../../arm-none-eabi/lib/armv6-m\libg_nano.a(lib_a-exit.o)
 .text          0x00000000        0x0 c:/program files (x86)/cypress/psoc creator/4.2/psoc creator/import/gnu/arm/5.4.1/bin/../lib/gcc/arm-none-eabi/5.4.1/../../../../arm-none-eabi/lib/armv6-m\libg_nano.a(lib_a-impure.o)
 .data          0x00000000        0x0 c:/program files (x86)/cypress/psoc creator/4.2/psoc creator/import/gnu/arm/5.4.1/bin/../lib/gcc/arm-none-eabi/5.4.1/../../../../arm-none-eabi/lib/armv6-m\libg_nano.a(lib_a-impure.o)
 .bss           0x00000000        0x0 c:/program files (x86)/cypress/psoc creator/4.2/psoc creator/import/gnu/arm/5.4.1/bin/../lib/gcc/arm-none-eabi/5.4.1/../../../../arm-none-eabi/lib/armv6-m\libg_nano.a(lib_a-impure.o)
 .rodata._global_impure_ptr
                0x00000000        0x4 c:/program files (x86)/cypress/psoc creator/4.2/psoc creator/import/gnu/arm/5.4.1/bin/../lib/gcc/arm-none-eabi/5.4.1/../../../../arm-none-eabi/lib/armv6-m\libg_nano.a(lib_a-impure.o)
 .text          0x00000000        0x0 c:/program files (x86)/cypress/psoc creator/4.2/psoc creator/import/gnu/arm/5.4.1/bin/../lib/gcc/arm-none-eabi/5.4.1/../../../../arm-none-eabi/lib/armv6-m\libg_nano.a(lib_a-init.o)
 .data          0x00000000        0x0 c:/program files (x86)/cypress/psoc creator/4.2/psoc creator/import/gnu/arm/5.4.1/bin/../lib/gcc/arm-none-eabi/5.4.1/../../../../arm-none-eabi/lib/armv6-m\libg_nano.a(lib_a-init.o)
 .bss           0x00000000        0x0 c:/program files (x86)/cypress/psoc creator/4.2/psoc creator/import/gnu/arm/5.4.1/bin/../lib/gcc/arm-none-eabi/5.4.1/../../../../arm-none-eabi/lib/armv6-m\libg_nano.a(lib_a-init.o)
 .text          0x00000000        0x0 c:/program files (x86)/cypress/psoc creator/4.2/psoc creator/import/gnu/arm/5.4.1/bin/../lib/gcc/arm-none-eabi/5.4.1/../../../../arm-none-eabi/lib/armv6-m\libg_nano.a(lib_a-memset.o)
 .data          0x00000000        0x0 c:/program files (x86)/cypress/psoc creator/4.2/psoc creator/import/gnu/arm/5.4.1/bin/../lib/gcc/arm-none-eabi/5.4.1/../../../../arm-none-eabi/lib/armv6-m\libg_nano.a(lib_a-memset.o)
 .bss           0x00000000        0x0 c:/program files (x86)/cypress/psoc creator/4.2/psoc creator/import/gnu/arm/5.4.1/bin/../lib/gcc/arm-none-eabi/5.4.1/../../../../arm-none-eabi/lib/armv6-m\libg_nano.a(lib_a-memset.o)
 .text          0x00000000        0x0 c:/program files (x86)/cypress/psoc creator/4.2/psoc creator/import/gnu/arm/5.4.1/bin/../lib/gcc/arm-none-eabi/5.4.1/armv6-m/crtend.o
 .data          0x00000000        0x0 c:/program files (x86)/cypress/psoc creator/4.2/psoc creator/import/gnu/arm/5.4.1/bin/../lib/gcc/arm-none-eabi/5.4.1/armv6-m/crtend.o
 .bss           0x00000000        0x0 c:/program files (x86)/cypress/psoc creator/4.2/psoc creator/import/gnu/arm/5.4.1/bin/../lib/gcc/arm-none-eabi/5.4.1/armv6-m/crtend.o
 .text          0x00000000        0x0 c:/program files (x86)/cypress/psoc creator/4.2/psoc creator/import/gnu/arm/5.4.1/bin/../lib/gcc/arm-none-eabi/5.4.1/armv6-m/crtn.o
 .data          0x00000000        0x0 c:/program files (x86)/cypress/psoc creator/4.2/psoc creator/import/gnu/arm/5.4.1/bin/../lib/gcc/arm-none-eabi/5.4.1/armv6-m/crtn.o
 .bss           0x00000000        0x0 c:/program files (x86)/cypress/psoc creator/4.2/psoc creator/import/gnu/arm/5.4.1/bin/../lib/gcc/arm-none-eabi/5.4.1/armv6-m/crtn.o

Memory Configuration

Name             Origin             Length             Attributes
rom              0x00000000         0x00008000         xr
ram              0x20000000         0x00001000         xrw
*default*        0x00000000         0xffffffff

Linker script and memory map

LOAD c:/program files (x86)/cypress/psoc creator/4.2/psoc creator/import/gnu/arm/5.4.1/bin/../lib/gcc/arm-none-eabi/5.4.1/armv6-m/crti.o
LOAD c:/program files (x86)/cypress/psoc creator/4.2/psoc creator/import/gnu/arm/5.4.1/bin/../lib/gcc/arm-none-eabi/5.4.1/armv6-m/crtbegin.o
LOAD c:/program files (x86)/cypress/psoc creator/4.2/psoc creator/import/gnu/arm/5.4.1/bin/../lib/gcc/arm-none-eabi/5.4.1/../../../../arm-none-eabi/lib/armv6-m/crt0.o
START GROUP
LOAD .\CortexM0\ARM_GCC_541\Debug\main.o
LOAD .\CortexM0\ARM_GCC_541\Debug\cyfitter_cfg.o
LOAD .\CortexM0\ARM_GCC_541\Debug\cymetadata.o
LOAD .\CortexM0\ARM_GCC_541\Debug\Cm0Start.o
LOAD .\CortexM0\ARM_GCC_541\Debug\UART_Test_Slave.a
END GROUP
START GROUP
LOAD c:/program files (x86)/cypress/psoc creator/4.2/psoc creator/import/gnu/arm/5.4.1/bin/../lib/gcc/arm-none-eabi/5.4.1/armv6-m\libgcc.a
LOAD c:/program files (x86)/cypress/psoc creator/4.2/psoc creator/import/gnu/arm/5.4.1/bin/../lib/gcc/arm-none-eabi/5.4.1/../../../../arm-none-eabi/lib/armv6-m\libg_nano.a
LOAD c:/program files (x86)/cypress/psoc creator/4.2/psoc creator/import/gnu/arm/5.4.1/bin/../lib/gcc/arm-none-eabi/5.4.1/../../../../arm-none-eabi/lib/armv6-m\libc_nano.a
END GROUP
START GROUP
LOAD c:/program files (x86)/cypress/psoc creator/4.2/psoc creator/import/gnu/arm/5.4.1/bin/../lib/gcc/arm-none-eabi/5.4.1/armv6-m\libgcc.a
LOAD c:/program files (x86)/cypress/psoc creator/4.2/psoc creator/import/gnu/arm/5.4.1/bin/../lib/gcc/arm-none-eabi/5.4.1/../../../../arm-none-eabi/lib/armv6-m\libc_nano.a
END GROUP
LOAD c:/program files (x86)/cypress/psoc creator/4.2/psoc creator/import/gnu/arm/5.4.1/bin/../lib/gcc/arm-none-eabi/5.4.1/armv6-m/crtend.o
LOAD c:/program files (x86)/cypress/psoc creator/4.2/psoc creator/import/gnu/arm/5.4.1/bin/../lib/gcc/arm-none-eabi/5.4.1/armv6-m/crtn.o
START GROUP
LOAD c:/program files (x86)/cypress/psoc creator/4.2/psoc creator/import/gnu/arm/5.4.1/bin/../lib/gcc/arm-none-eabi/5.4.1/armv6-m\libgcc.a
LOAD c:/program files (x86)/cypress/psoc creator/4.2/psoc creator/import/gnu/arm/5.4.1/bin/../lib/gcc/arm-none-eabi/5.4.1/../../../../arm-none-eabi/lib/armv6-m\libc.a
LOAD c:/program files (x86)/cypress/psoc creator/4.2/psoc creator/import/gnu/arm/5.4.1/bin/../lib/gcc/arm-none-eabi/5.4.1/../../../../arm-none-eabi/lib/armv6-m\libnosys.a
END GROUP
                0x00000000                CY_APPL_ORIGIN = 0x0
                0x00000080                CY_FLASH_ROW_SIZE = 0x80
                0x00000001                CY_APPL_NUM = 0x1
                0x00000001                CY_APPL_MAX = 0x1
                0x00000040                CY_METADATA_SIZE = 0x40
                0x00000000                CY_APPL_LOADABLE = 0x0
                0x00000000                CY_CHECKSUM_EXCLUDE_SIZE = ALIGN (0x0, CY_FLASH_ROW_SIZE)
                0x00000000                CY_APP_FOR_STACK_AND_COPIER = 0x0
                [!provide]                PROVIDE (__cy_heap_start, _end)
                0x00000001                PROVIDE (__cy_region_num, ((__cy_regions_end - __cy_regions) / 0x10))
                0x20001000                PROVIDE (__cy_stack, (ORIGIN (ram) + LENGTH (ram)))
                [!provide]                PROVIDE (__cy_heap_end, (__cy_stack - 0x400))

.cybootloader   0x00000000        0x0
 *(.cybootloader)
                0x00000000                appl1_start = CY_APPL_ORIGIN?CY_APPL_ORIGIN:ALIGN (CY_FLASH_ROW_SIZE)
                0x00003f80                appl2_start = (appl1_start + ALIGN ((((LENGTH (rom) - appl1_start) - (0x2 * CY_FLASH_ROW_SIZE)) / 0x2), CY_FLASH_ROW_SIZE))
                0x00000000                appl_start = (CY_APPL_NUM == 0x1)?appl1_start:appl2_start
                0x00000001                cy_project_type_bootloader = (appl_start == 0x0)?0x1:0x0
                0x00000000                cy_project_type_app_for_stack_and_copier = (CY_APP_FOR_STACK_AND_COPIER == 0x1)?0x1:0x0

.text           0x00000000      0x934
 CREATE_OBJECT_SYMBOLS
                0x00000000                PROVIDE (__cy_interrupt_vector, RomVectors)
 *(.romvectors)
 .romvectors    0x00000000       0x10 .\CortexM0\ARM_GCC_541\Debug\Cm0Start.o
                0x00000000                RomVectors
                0x00000001                ASSERT ((. != __cy_interrupt_vector), No interrupt vector)
                0x00000001                ASSERT (CY_APPL_ORIGIN?(SIZEOF (.cybootloader) <= CY_APPL_ORIGIN):0x1, Wrong image location)
                0x00000010                PROVIDE (__cy_reset, Reset)
 *(.text.Reset)
 .text.Reset    0x00000010        0x8 .\CortexM0\ARM_GCC_541\Debug\Cm0Start.o
                0x00000010                Reset
                0x00000001                ASSERT ((. != __cy_reset), No reset code)
 *(.psocinit)
 .psocinit      0x00000018      0x154 .\CortexM0\ARM_GCC_541\Debug\cyfitter_cfg.o
                0x000000a8                cyfitter_cfg
                0x0000016c                . = MAX (., 0x100)
 *(.text .text.* .gnu.linkonce.t.*)
 .text          0x0000016c       0x60 c:/program files (x86)/cypress/psoc creator/4.2/psoc creator/import/gnu/arm/5.4.1/bin/../lib/gcc/arm-none-eabi/5.4.1/armv6-m/crtbegin.o
 .text.main     0x000001cc       0x60 .\CortexM0\ARM_GCC_541\Debug\main.o
                0x000001cc                main
 .text.CYMEMZERO
                0x0000022c        0xc .\CortexM0\ARM_GCC_541\Debug\cyfitter_cfg.o
 .text.IntDefaultHandler
                0x00000238       0x10 .\CortexM0\ARM_GCC_541\Debug\Cm0Start.o
                0x00000238                IntDefaultHandler
 .text.Start_c  0x00000248       0x48 .\CortexM0\ARM_GCC_541\Debug\Cm0Start.o
                0x00000248                Start_c
 .text.initialize_psoc
                0x00000290       0x40 .\CortexM0\ARM_GCC_541\Debug\Cm0Start.o
                0x00000290                initialize_psoc
 .text.CyIntEnable
                0x000002d0       0x14 .\CortexM0\ARM_GCC_541\Debug\UART_Test_Slave.a(CyLib.o)
                0x000002d0                CyIntEnable
 .text.CyHalt   0x000002e4        0x4 .\CortexM0\ARM_GCC_541\Debug\UART_Test_Slave.a(CyLib.o)
                0x000002e4                CyHalt
 .text.CyIntSetVector
                0x000002e8       0x24 .\CortexM0\ARM_GCC_541\Debug\UART_Test_Slave.a(CyLib.o)
                0x000002e8                CyIntSetVector
 .text.CyDelay  0x0000030c       0x30 .\CortexM0\ARM_GCC_541\Debug\UART_Test_Slave.a(CyLib.o)
                0x0000030c                CyDelay
 .text.CyDelayUs
                0x0000033c       0x14 .\CortexM0\ARM_GCC_541\Debug\UART_Test_Slave.a(CyLib.o)
                0x0000033c                CyDelayUs
 .text.CySysClkWriteImoFreq
                0x00000350      0x164 .\CortexM0\ARM_GCC_541\Debug\UART_Test_Slave.a(CyLib.o)
                0x00000350                CySysClkWriteImoFreq
 .text.CySysWdtLocked
                0x000004b4       0x14 .\CortexM0\ARM_GCC_541\Debug\UART_Test_Slave.a(CyLFClk.o)
 .text.CySysWdtLock
                0x000004c8       0x1c .\CortexM0\ARM_GCC_541\Debug\UART_Test_Slave.a(CyLFClk.o)
                0x000004c8                CySysWdtLock
 .text.CySysWdtUnlock
                0x000004e4       0x30 .\CortexM0\ARM_GCC_541\Debug\UART_Test_Slave.a(CyLFClk.o)
                0x000004e4                CySysWdtUnlock
 .text.CySysWdtClearInterrupt
                0x00000514       0x4c .\CortexM0\ARM_GCC_541\Debug\UART_Test_Slave.a(CyLFClk.o)
                0x00000514                CySysWdtClearInterrupt
 .text.CySysWdtIsr
                0x00000560       0xa4 .\CortexM0\ARM_GCC_541\Debug\UART_Test_Slave.a(CyLFClk.o)
                0x00000560                CySysWdtIsr
 .text.UART_ESP_ScbModePostEnable
                0x00000604        0x8 .\CortexM0\ARM_GCC_541\Debug\UART_Test_Slave.a(UART_ESP.o)
 .text.UART_ESP_Init
                0x0000060c        0x8 .\CortexM0\ARM_GCC_541\Debug\UART_Test_Slave.a(UART_ESP.o)
                0x0000060c                UART_ESP_Init
 .text.UART_ESP_Enable
                0x00000614       0x18 .\CortexM0\ARM_GCC_541\Debug\UART_Test_Slave.a(UART_ESP.o)
                0x00000614                UART_ESP_Enable
 .text.UART_ESP_Start
                0x0000062c       0x20 .\CortexM0\ARM_GCC_541\Debug\UART_Test_Slave.a(UART_ESP.o)
                0x0000062c                UART_ESP_Start
 .text.UART_ESP_UartInit
                0x0000064c       0x9c .\CortexM0\ARM_GCC_541\Debug\UART_Test_Slave.a(UART_ESP_UART.o)
                0x0000064c                UART_ESP_UartInit
 .text.UART_ESP_UartPostEnable
                0x000006e8       0x24 .\CortexM0\ARM_GCC_541\Debug\UART_Test_Slave.a(UART_ESP_UART.o)
                0x000006e8                UART_ESP_UartPostEnable
 .text.UART_ESP_UartGetChar
                0x0000070c       0x2c .\CortexM0\ARM_GCC_541\Debug\UART_Test_Slave.a(UART_ESP_UART.o)
                0x0000070c                UART_ESP_UartGetChar
 .text.UART_Putty_ScbModePostEnable
                0x00000738        0x8 .\CortexM0\ARM_GCC_541\Debug\UART_Test_Slave.a(UART_Putty.o)
 .text.UART_Putty_Init
                0x00000740        0x8 .\CortexM0\ARM_GCC_541\Debug\UART_Test_Slave.a(UART_Putty.o)
                0x00000740                UART_Putty_Init
 .text.UART_Putty_Enable
                0x00000748       0x18 .\CortexM0\ARM_GCC_541\Debug\UART_Test_Slave.a(UART_Putty.o)
                0x00000748                UART_Putty_Enable
 .text.UART_Putty_Start
                0x00000760       0x20 .\CortexM0\ARM_GCC_541\Debug\UART_Test_Slave.a(UART_Putty.o)
                0x00000760                UART_Putty_Start
 .text.UART_Putty_UartInit
                0x00000780       0x9c .\CortexM0\ARM_GCC_541\Debug\UART_Test_Slave.a(UART_Putty_UART.o)
                0x00000780                UART_Putty_UartInit
 .text.UART_Putty_UartPostEnable
                0x0000081c       0x24 .\CortexM0\ARM_GCC_541\Debug\UART_Test_Slave.a(UART_Putty_UART.o)
                0x0000081c                UART_Putty_UartPostEnable
 .text.UART_Putty_UartPutString
                0x00000840       0x18 .\CortexM0\ARM_GCC_541\Debug\UART_Test_Slave.a(UART_Putty_UART.o)
                0x00000840                UART_Putty_UartPutString
 .text.UART_Putty_UartPutCRLF
                0x00000858       0x14 .\CortexM0\ARM_GCC_541\Debug\UART_Test_Slave.a(UART_Putty_UART.o)
                0x00000858                UART_Putty_UartPutCRLF
 *fill*         0x0000086c        0x4 
 .text          0x00000870       0x24 .\CortexM0\ARM_GCC_541\Debug\UART_Test_Slave.a(CyBootAsmGnu.o)
                0x00000870                CyDelayCycles
                0x00000884                CyEnterCriticalSection
                0x0000088c                CyExitCriticalSection
 .text.UART_ESP_SpiUartReadRxData
                0x00000894        0xc .\CortexM0\ARM_GCC_541\Debug\UART_Test_Slave.a(UART_ESP_SPI_UART.o)
                0x00000894                UART_ESP_SpiUartReadRxData
 .text.UART_ESP_SpiUartGetRxBufferSize
                0x000008a0       0x10 .\CortexM0\ARM_GCC_541\Debug\UART_Test_Slave.a(UART_ESP_SPI_UART.o)
                0x000008a0                UART_ESP_SpiUartGetRxBufferSize
 .text.UART_Putty_SpiUartWriteTxData
                0x000008b0       0x1c .\CortexM0\ARM_GCC_541\Debug\UART_Test_Slave.a(UART_Putty_SPI_UART.o)
                0x000008b0                UART_Putty_SpiUartWriteTxData
 .text.__errno  0x000008cc        0xc c:/program files (x86)/cypress/psoc creator/4.2/psoc creator/import/gnu/arm/5.4.1/bin/../lib/gcc/arm-none-eabi/5.4.1/../../../../arm-none-eabi/lib/armv6-m\libg_nano.a(lib_a-errno.o)
                0x000008cc                __errno
 .text.__libc_init_array
                0x000008d8       0x4c c:/program files (x86)/cypress/psoc creator/4.2/psoc creator/import/gnu/arm/5.4.1/bin/../lib/gcc/arm-none-eabi/5.4.1/../../../../arm-none-eabi/lib/armv6-m\libg_nano.a(lib_a-init.o)
                0x000008d8                __libc_init_array
 .text.memset   0x00000924       0x10 c:/program files (x86)/cypress/psoc creator/4.2/psoc creator/import/gnu/arm/5.4.1/bin/../lib/gcc/arm-none-eabi/5.4.1/../../../../arm-none-eabi/lib/armv6-m\libg_nano.a(lib_a-memset.o)
                0x00000924                memset
 *(.plt)
 *(.gnu.warning)
 *(.glue_7t)
 .glue_7t       0x00000934        0x0 linker stubs
 *(.glue_7)
 .glue_7        0x00000934        0x0 linker stubs
 *(.vfp11_veneer)
 .vfp11_veneer  0x00000934        0x0 linker stubs
 *(.bootloader)
 *(.ARM.extab* .gnu.linkonce.armextab.*)
 *(.gcc_except_table)

.v4_bx          0x00000934        0x0
 .v4_bx         0x00000934        0x0 linker stubs

.iplt           0x00000934        0x0
 .iplt          0x00000934        0x0 c:/program files (x86)/cypress/psoc creator/4.2/psoc creator/import/gnu/arm/5.4.1/bin/../lib/gcc/arm-none-eabi/5.4.1/armv6-m/crtbegin.o

.eh_frame_hdr
 *(.eh_frame_hdr)

.eh_frame       0x00000934        0x4
 *(.eh_frame)
 .eh_frame      0x00000934        0x0 c:/program files (x86)/cypress/psoc creator/4.2/psoc creator/import/gnu/arm/5.4.1/bin/../lib/gcc/arm-none-eabi/5.4.1/armv6-m/crtbegin.o
 .eh_frame      0x00000934        0x4 c:/program files (x86)/cypress/psoc creator/4.2/psoc creator/import/gnu/arm/5.4.1/bin/../lib/gcc/arm-none-eabi/5.4.1/armv6-m/crtend.o
                [!provide]                PROVIDE (__exidx_start, .)

.ARM.exidx
 *(.ARM.exidx* .gnu.linkonce.armexidx.*)
                0x00000938                __exidx_end = .

.rodata         0x00000938       0x70
 *(.rodata .rodata.* .gnu.linkonce.r.*)
 .rodata        0x00000938        0xc .\CortexM0\ARM_GCC_541\Debug\cyfitter_cfg.o
 .rodata        0x00000944       0x2e .\CortexM0\ARM_GCC_541\Debug\UART_Test_Slave.a(CyLib.o)
                0x00000944                cyImoFreqMhz2Reg
 .rodata.str1.1
                0x00000972        0x2 c:/program files (x86)/cypress/psoc creator/4.2/psoc creator/import/gnu/arm/5.4.1/bin/../lib/gcc/arm-none-eabi/5.4.1/../../../../arm-none-eabi/lib/armv6-m\libg_nano.a(lib_a-impure.o)
                0x00000974                . = ALIGN (0x4)
 *(.init)
 .init          0x00000974        0x4 c:/program files (x86)/cypress/psoc creator/4.2/psoc creator/import/gnu/arm/5.4.1/bin/../lib/gcc/arm-none-eabi/5.4.1/armv6-m/crti.o
                0x00000974                _init
 .init          0x00000978        0x8 c:/program files (x86)/cypress/psoc creator/4.2/psoc creator/import/gnu/arm/5.4.1/bin/../lib/gcc/arm-none-eabi/5.4.1/armv6-m/crtn.o
                0x00000980                . = ALIGN (0x4)
                0x00000980                __preinit_array_start = .
 *(.preinit_array)
                0x00000980                __preinit_array_end = .
                0x00000980                . = ALIGN (0x4)
                0x00000980                __init_array_start = .
 *(SORT(.init_array.*))
 *(.init_array)
 .init_array    0x00000980        0x4 c:/program files (x86)/cypress/psoc creator/4.2/psoc creator/import/gnu/arm/5.4.1/bin/../lib/gcc/arm-none-eabi/5.4.1/armv6-m/crtbegin.o
 .init_array    0x00000984        0x4 .\CortexM0\ARM_GCC_541\Debug\Cm0Start.o
                0x00000988                __init_array_end = .
                0x00000988                . = ALIGN (0x4)
 *(.fini)
 .fini          0x00000988        0x4 c:/program files (x86)/cypress/psoc creator/4.2/psoc creator/import/gnu/arm/5.4.1/bin/../lib/gcc/arm-none-eabi/5.4.1/armv6-m/crti.o
                0x00000988                _fini
 .fini          0x0000098c        0x8 c:/program files (x86)/cypress/psoc creator/4.2/psoc creator/import/gnu/arm/5.4.1/bin/../lib/gcc/arm-none-eabi/5.4.1/armv6-m/crtn.o
                0x00000994                . = ALIGN (0x4)
                0x00000994                __fini_array_start = .
 *(.fini_array)
 .fini_array    0x00000994        0x4 c:/program files (x86)/cypress/psoc creator/4.2/psoc creator/import/gnu/arm/5.4.1/bin/../lib/gcc/arm-none-eabi/5.4.1/armv6-m/crtbegin.o
 *(SORT(.fini_array.*))
                0x00000998                __fini_array_end = .
                0x00000998                . = ALIGN (0x4)
 *crtbegin.o(.ctors)
 *(EXCLUDE_FILE(*crtend.o) .ctors)
 *(SORT(.ctors.*))
 *crtend.o(.ctors)
                0x00000998                . = ALIGN (0x4)
 *crtbegin.o(.dtors)
 *(EXCLUDE_FILE(*crtend.o) .dtors)
 *(SORT(.dtors.*))
 *crtend.o(.dtors)
                0x00000998                . = ALIGN (0x4)
                0x00000998                __cy_regions = .
                0x00000998        0x4 LONG 0x9a8 __cy_region_init_ram
                0x0000099c        0x4 LONG 0x200000c0 __cy_region_start_data
                0x000009a0        0x4 LONG 0x80 __cy_region_init_size_ram
                0x000009a4        0x4 LONG 0x60 __cy_region_zero_size_ram
                0x000009a8                __cy_regions_end = .
                0x000009a8                . = ALIGN (0x8)
                0x000009a8                _etext = .

.cy_checksum_exclude
                0x000009a8        0x0
 *(.cy_checksum_exclude)

.ramvectors     0x20000000       0xc0
                0x20000000                __cy_region_start_ram = .
 *(.ramvectors)
 .ramvectors    0x20000000       0xc0 .\CortexM0\ARM_GCC_541\Debug\Cm0Start.o
                0x20000000                CyRamVectors

.noinit
 *(.noinit)

.data           0x200000c0       0x80 load address 0x000009a8
                0x200000c0                __cy_region_start_data = .
 *(.jcr)
 .jcr           0x200000c0        0x0 c:/program files (x86)/cypress/psoc creator/4.2/psoc creator/import/gnu/arm/5.4.1/bin/../lib/gcc/arm-none-eabi/5.4.1/armv6-m/crtbegin.o
 .jcr           0x200000c0        0x4 c:/program files (x86)/cypress/psoc creator/4.2/psoc creator/import/gnu/arm/5.4.1/bin/../lib/gcc/arm-none-eabi/5.4.1/armv6-m/crtend.o
 *(.got.plt)
 *(.got)
 *(.shdata)
 *(.data .data.* .gnu.linkonce.d.*)
 .data          0x200000c4       0x14 .\CortexM0\ARM_GCC_541\Debug\UART_Test_Slave.a(CyLib.o)
                0x200000c4                CySysClkPumpConfig
                0x200000c8                cydelay32kMs
                0x200000cc                cydelayFreqKhz
                0x200000d0                cydelayFreqMhz
                0x200000d4                cydelayFreqHz
 .data          0x200000d8        0x4 .\CortexM0\ARM_GCC_541\Debug\UART_Test_Slave.a(CyLFClk.o)
 .data.impure_data
                0x200000dc       0x60 c:/program files (x86)/cypress/psoc creator/4.2/psoc creator/import/gnu/arm/5.4.1/bin/../lib/gcc/arm-none-eabi/5.4.1/../../../../arm-none-eabi/lib/armv6-m\libg_nano.a(lib_a-impure.o)
 .data._impure_ptr
                0x2000013c        0x4 c:/program files (x86)/cypress/psoc creator/4.2/psoc creator/import/gnu/arm/5.4.1/bin/../lib/gcc/arm-none-eabi/5.4.1/../../../../arm-none-eabi/lib/armv6-m\libg_nano.a(lib_a-impure.o)
                0x2000013c                _impure_ptr
                0x20000140                . = ALIGN (0x8)
 *(.ram)
                0x20000140                _edata = .

.igot.plt       0x20000140        0x0 load address 0x00000a28
 .igot.plt      0x20000140        0x0 c:/program files (x86)/cypress/psoc creator/4.2/psoc creator/import/gnu/arm/5.4.1/bin/../lib/gcc/arm-none-eabi/5.4.1/armv6-m/crtbegin.o

.bss            0x20000140       0x60 load address 0x00000a28
                0x20000140                PROVIDE (__bss_start__, .)
 *(.shbss)
 *(.bss .bss.* .gnu.linkonce.b.*)
 .bss           0x20000140       0x1c c:/program files (x86)/cypress/psoc creator/4.2/psoc creator/import/gnu/arm/5.4.1/bin/../lib/gcc/arm-none-eabi/5.4.1/armv6-m/crtbegin.o
 .bss           0x2000015c        0x1 .\CortexM0\ARM_GCC_541\Debug\main.o
                0x2000015c                count
 *fill*         0x2000015d        0x3 
 .bss           0x20000160       0x20 .\CortexM0\ARM_GCC_541\Debug\UART_Test_Slave.a(CyLFClk.o)
 .bss           0x20000180        0x4 .\CortexM0\ARM_GCC_541\Debug\UART_Test_Slave.a(UART_ESP.o)
                0x20000180                UART_ESP_initVar
                0x20000182                UART_ESP_IntrTxMask
 .bss           0x20000184        0x4 .\CortexM0\ARM_GCC_541\Debug\UART_Test_Slave.a(UART_Putty.o)
                0x20000184                UART_Putty_initVar
                0x20000186                UART_Putty_IntrTxMask
 *(COMMON)
 COMMON         0x20000188       0x12 .\CortexM0\ARM_GCC_541\Debug\main.o
                0x20000188                byte
                0x200001a0                . = ALIGN (0x8)
 *fill*         0x2000019a        0x6 
 *(.ram.b)
                0x200001a0                _end = .
                0x200001a0                __end = .
                0x200001a0                PROVIDE (end, .)
                0x200001a0                PROVIDE (__bss_end__, .)
                0x000009a8                __cy_region_init_ram = LOADADDR (.data)
                0x00000080                __cy_region_init_size_ram = (_edata - ADDR (.data))
                0x00000060                __cy_region_zero_size_ram = (_end - _edata)

.heap           0x200001a0       0x80 load address 0x00000a28
                0x200001a0                . = _end
                0x20000220                . = (. + 0x80)
 *fill*         0x200001a0       0x80 
                0x20000220                __cy_heap_limit = .

.stack          0x20000c00      0x400
                0x20000c00                __cy_stack_limit = .
                0x20001000                . = (. + 0x400)
 *fill*         0x20000c00      0x400 
                0x00000001                ASSERT ((__cy_stack_limit >= __cy_heap_limit), region RAM overflowed with stack)
                0x00000000                cy_checksum_exclude_size = (CY_APPL_LOADABLE == 0x1)?SIZEOF (.cy_checksum_exclude):0x0
                0x00000001                ASSERT ((cy_checksum_exclude_size <= CY_CHECKSUM_EXCLUDE_SIZE), CY_BOOT: Section .cy_checksum_exclude size exceedes specified limit.)
                0x00007fc0                cyloadermeta_start = (cy_project_type_bootloader || cy_project_type_app_for_stack_and_copier)?(LENGTH (rom) - CY_METADATA_SIZE):0xf0000000

.cyloadermeta
 *(.cyloadermeta)
                0x00007fc0                cyloadablemeta_start = cy_project_type_app_for_stack_and_copier?((LENGTH (rom) - CY_FLASH_ROW_SIZE) - CY_METADATA_SIZE):((LENGTH (rom) - (CY_FLASH_ROW_SIZE * (CY_APPL_NUM - 0x1))) - CY_METADATA_SIZE)

.cyloadablemeta
 *(.cyloadablemeta)

.cyflashprotect
                0x90400000       0x20
 *(.cyflashprotect)
 .cyflashprotect
                0x90400000       0x20 .\CortexM0\ARM_GCC_541\Debug\cymetadata.o
                0x90400000                cy_meta_flashprotect

.cymeta         0x90500000        0xc
 *(.cymeta)
 .cymeta        0x90500000        0xc .\CortexM0\ARM_GCC_541\Debug\cymetadata.o
                0x90500000                cy_metadata

.cychipprotect  0x90600000        0x1
 *(.cychipprotect)
 .cychipprotect
                0x90600000        0x1 .\CortexM0\ARM_GCC_541\Debug\cymetadata.o
                0x90600000                cy_meta_chipprotect

.rel.dyn        0x00000a28        0x0 load address 0x90600004
 .rel.iplt      0x00000a28        0x0 c:/program files (x86)/cypress/psoc creator/4.2/psoc creator/import/gnu/arm/5.4.1/bin/../lib/gcc/arm-none-eabi/5.4.1/armv6-m/crtbegin.o

.stab
 *(.stab)

.stabstr
 *(.stabstr)

.debug
 *(.debug)

.line
 *(.line)

.debug_srcinfo
 *(.debug_srcinfo)

.debug_sfnames
 *(.debug_sfnames)

.debug_aranges  0x00000000      0x5d8
 *(.debug_aranges)
 .debug_aranges
                0x00000000       0x20 .\CortexM0\ARM_GCC_541\Debug\main.o
 .debug_aranges
                0x00000020       0x30 .\CortexM0\ARM_GCC_541\Debug\cyfitter_cfg.o
 .debug_aranges
                0x00000050       0x18 .\CortexM0\ARM_GCC_541\Debug\cymetadata.o
 .debug_aranges
                0x00000068       0x48 .\CortexM0\ARM_GCC_541\Debug\Cm0Start.o
 .debug_aranges
                0x000000b0      0x180 .\CortexM0\ARM_GCC_541\Debug\UART_Test_Slave.a(CyLib.o)
 .debug_aranges
                0x00000230      0x138 .\CortexM0\ARM_GCC_541\Debug\UART_Test_Slave.a(CyLFClk.o)
 .debug_aranges
                0x00000368       0x60 .\CortexM0\ARM_GCC_541\Debug\UART_Test_Slave.a(UART_ESP.o)
 .debug_aranges
                0x000003c8       0x68 .\CortexM0\ARM_GCC_541\Debug\UART_Test_Slave.a(UART_ESP_UART.o)
 .debug_aranges
                0x00000430       0x60 .\CortexM0\ARM_GCC_541\Debug\UART_Test_Slave.a(UART_Putty.o)
 .debug_aranges
                0x00000490       0x68 .\CortexM0\ARM_GCC_541\Debug\UART_Test_Slave.a(UART_Putty_UART.o)
 .debug_aranges
                0x000004f8       0x20 .\CortexM0\ARM_GCC_541\Debug\UART_Test_Slave.a(CyBootAsmGnu.o)
 .debug_aranges
                0x00000518       0x60 .\CortexM0\ARM_GCC_541\Debug\UART_Test_Slave.a(UART_ESP_SPI_UART.o)
 .debug_aranges
                0x00000578       0x60 .\CortexM0\ARM_GCC_541\Debug\UART_Test_Slave.a(UART_Putty_SPI_UART.o)

.debug_pubnames
 *(.debug_pubnames)

.debug_info     0x00000000     0x303a
 *(.debug_info .gnu.linkonce.wi.*)
 .debug_info    0x00000000      0x1a9 .\CortexM0\ARM_GCC_541\Debug\main.o
 .debug_info    0x000001a9      0x27d .\CortexM0\ARM_GCC_541\Debug\cyfitter_cfg.o
 .debug_info    0x00000426       0xf8 .\CortexM0\ARM_GCC_541\Debug\cymetadata.o
 .debug_info    0x0000051e      0x3a2 .\CortexM0\ARM_GCC_541\Debug\Cm0Start.o
 .debug_info    0x000008c0      0xaec .\CortexM0\ARM_GCC_541\Debug\UART_Test_Slave.a(CyLib.o)
 .debug_info    0x000013ac      0xcfe .\CortexM0\ARM_GCC_541\Debug\UART_Test_Slave.a(CyLFClk.o)
 .debug_info    0x000020aa      0x24c .\CortexM0\ARM_GCC_541\Debug\UART_Test_Slave.a(UART_ESP.o)
 .debug_info    0x000022f6      0x310 .\CortexM0\ARM_GCC_541\Debug\UART_Test_Slave.a(UART_ESP_UART.o)
 .debug_info    0x00002606      0x24c .\CortexM0\ARM_GCC_541\Debug\UART_Test_Slave.a(UART_Putty.o)
 .debug_info    0x00002852      0x310 .\CortexM0\ARM_GCC_541\Debug\UART_Test_Slave.a(UART_Putty_UART.o)
 .debug_info    0x00002b62       0x98 .\CortexM0\ARM_GCC_541\Debug\UART_Test_Slave.a(CyBootAsmGnu.o)
 .debug_info    0x00002bfa      0x220 .\CortexM0\ARM_GCC_541\Debug\UART_Test_Slave.a(UART_ESP_SPI_UART.o)
 .debug_info    0x00002e1a      0x220 .\CortexM0\ARM_GCC_541\Debug\UART_Test_Slave.a(UART_Putty_SPI_UART.o)

.debug_abbrev   0x00000000      0xf0e
 *(.debug_abbrev)
 .debug_abbrev  0x00000000       0xc8 .\CortexM0\ARM_GCC_541\Debug\main.o
 .debug_abbrev  0x000000c8      0x150 .\CortexM0\ARM_GCC_541\Debug\cyfitter_cfg.o
 .debug_abbrev  0x00000218       0x5d .\CortexM0\ARM_GCC_541\Debug\cymetadata.o
 .debug_abbrev  0x00000275      0x1d7 .\CortexM0\ARM_GCC_541\Debug\Cm0Start.o
 .debug_abbrev  0x0000044c      0x1e0 .\CortexM0\ARM_GCC_541\Debug\UART_Test_Slave.a(CyLib.o)
 .debug_abbrev  0x0000062c      0x210 .\CortexM0\ARM_GCC_541\Debug\UART_Test_Slave.a(CyLFClk.o)
 .debug_abbrev  0x0000083c       0xed .\CortexM0\ARM_GCC_541\Debug\UART_Test_Slave.a(UART_ESP.o)
 .debug_abbrev  0x00000929      0x123 .\CortexM0\ARM_GCC_541\Debug\UART_Test_Slave.a(UART_ESP_UART.o)
 .debug_abbrev  0x00000a4c       0xed .\CortexM0\ARM_GCC_541\Debug\UART_Test_Slave.a(UART_Putty.o)
 .debug_abbrev  0x00000b39      0x123 .\CortexM0\ARM_GCC_541\Debug\UART_Test_Slave.a(UART_Putty_UART.o)
 .debug_abbrev  0x00000c5c       0x14 .\CortexM0\ARM_GCC_541\Debug\UART_Test_Slave.a(CyBootAsmGnu.o)
 .debug_abbrev  0x00000c70      0x14f .\CortexM0\ARM_GCC_541\Debug\UART_Test_Slave.a(UART_ESP_SPI_UART.o)
 .debug_abbrev  0x00000dbf      0x14f .\CortexM0\ARM_GCC_541\Debug\UART_Test_Slave.a(UART_Putty_SPI_UART.o)

.debug_line     0x00000000     0x16a8
 *(.debug_line)
 .debug_line    0x00000000      0x133 .\CortexM0\ARM_GCC_541\Debug\main.o
 .debug_line    0x00000133      0x138 .\CortexM0\ARM_GCC_541\Debug\cyfitter_cfg.o
 .debug_line    0x0000026b      0x141 .\CortexM0\ARM_GCC_541\Debug\cymetadata.o
 .debug_line    0x000003ac      0x235 .\CortexM0\ARM_GCC_541\Debug\Cm0Start.o
 .debug_line    0x000005e1      0x460 .\CortexM0\ARM_GCC_541\Debug\UART_Test_Slave.a(CyLib.o)
 .debug_line    0x00000a41      0x466 .\CortexM0\ARM_GCC_541\Debug\UART_Test_Slave.a(CyLFClk.o)
 .debug_line    0x00000ea7      0x12f .\CortexM0\ARM_GCC_541\Debug\UART_Test_Slave.a(UART_ESP.o)
 .debug_line    0x00000fd6      0x179 .\CortexM0\ARM_GCC_541\Debug\UART_Test_Slave.a(UART_ESP_UART.o)
 .debug_line    0x0000114f      0x133 .\CortexM0\ARM_GCC_541\Debug\UART_Test_Slave.a(UART_Putty.o)
 .debug_line    0x00001282      0x17f .\CortexM0\ARM_GCC_541\Debug\UART_Test_Slave.a(UART_Putty_UART.o)
 .debug_line    0x00001401       0x69 .\CortexM0\ARM_GCC_541\Debug\UART_Test_Slave.a(CyBootAsmGnu.o)
 .debug_line    0x0000146a      0x11e .\CortexM0\ARM_GCC_541\Debug\UART_Test_Slave.a(UART_ESP_SPI_UART.o)
 .debug_line    0x00001588      0x120 .\CortexM0\ARM_GCC_541\Debug\UART_Test_Slave.a(UART_Putty_SPI_UART.o)

.debug_frame    0x00000000      0xea8
 *(.debug_frame)
 .debug_frame   0x00000000       0x30 .\CortexM0\ARM_GCC_541\Debug\main.o
 .debug_frame   0x00000030       0x68 .\CortexM0\ARM_GCC_541\Debug\cyfitter_cfg.o
 .debug_frame   0x00000098       0xbc .\CortexM0\ARM_GCC_541\Debug\Cm0Start.o
 .debug_frame   0x00000154      0x3e0 .\CortexM0\ARM_GCC_541\Debug\UART_Test_Slave.a(CyLib.o)
 .debug_frame   0x00000534      0x3a8 .\CortexM0\ARM_GCC_541\Debug\UART_Test_Slave.a(CyLFClk.o)
 .debug_frame   0x000008dc       0xe8 .\CortexM0\ARM_GCC_541\Debug\UART_Test_Slave.a(UART_ESP.o)
 .debug_frame   0x000009c4       0xf4 .\CortexM0\ARM_GCC_541\Debug\UART_Test_Slave.a(UART_ESP_UART.o)
 .debug_frame   0x00000ab8       0xe8 .\CortexM0\ARM_GCC_541\Debug\UART_Test_Slave.a(UART_Putty.o)
 .debug_frame   0x00000ba0       0xf4 .\CortexM0\ARM_GCC_541\Debug\UART_Test_Slave.a(UART_Putty_UART.o)
 .debug_frame   0x00000c94       0xb0 .\CortexM0\ARM_GCC_541\Debug\UART_Test_Slave.a(UART_ESP_SPI_UART.o)
 .debug_frame   0x00000d44       0xb0 .\CortexM0\ARM_GCC_541\Debug\UART_Test_Slave.a(UART_Putty_SPI_UART.o)
 .debug_frame   0x00000df4       0x20 c:/program files (x86)/cypress/psoc creator/4.2/psoc creator/import/gnu/arm/5.4.1/bin/../lib/gcc/arm-none-eabi/5.4.1/armv6-m\libgcc.a(_udivsi3.o)
 .debug_frame   0x00000e14       0x20 c:/program files (x86)/cypress/psoc creator/4.2/psoc creator/import/gnu/arm/5.4.1/bin/../lib/gcc/arm-none-eabi/5.4.1/../../../../arm-none-eabi/lib/armv6-m\libg_nano.a(lib_a-errno.o)
 .debug_frame   0x00000e34       0x28 c:/program files (x86)/cypress/psoc creator/4.2/psoc creator/import/gnu/arm/5.4.1/bin/../lib/gcc/arm-none-eabi/5.4.1/../../../../arm-none-eabi/lib/armv6-m\libg_nano.a(lib_a-exit.o)
 .debug_frame   0x00000e5c       0x2c c:/program files (x86)/cypress/psoc creator/4.2/psoc creator/import/gnu/arm/5.4.1/bin/../lib/gcc/arm-none-eabi/5.4.1/../../../../arm-none-eabi/lib/armv6-m\libg_nano.a(lib_a-init.o)
 .debug_frame   0x00000e88       0x20 c:/program files (x86)/cypress/psoc creator/4.2/psoc creator/import/gnu/arm/5.4.1/bin/../lib/gcc/arm-none-eabi/5.4.1/../../../../arm-none-eabi/lib/armv6-m\libg_nano.a(lib_a-memset.o)

.debug_str      0x00000000     0x1528
 *(.debug_str)
 .debug_str     0x00000000      0x1d4 .\CortexM0\ARM_GCC_541\Debug\main.o
                                0x214 (size before relaxing)
 .debug_str     0x000001d4       0xb5 .\CortexM0\ARM_GCC_541\Debug\cyfitter_cfg.o
                                0x252 (size before relaxing)
 .debug_str     0x00000289       0x63 .\CortexM0\ARM_GCC_541\Debug\cymetadata.o
                                0x1d0 (size before relaxing)
 .debug_str     0x000002ec      0x13a .\CortexM0\ARM_GCC_541\Debug\Cm0Start.o
                                0x309 (size before relaxing)
 .debug_str     0x00000426      0x4c8 .\CortexM0\ARM_GCC_541\Debug\UART_Test_Slave.a(CyLib.o)
                                0x6be (size before relaxing)
 .debug_str     0x000008ee      0x530 .\CortexM0\ARM_GCC_541\Debug\UART_Test_Slave.a(CyLFClk.o)
                                0x745 (size before relaxing)
 .debug_str     0x00000e1e      0x14b .\CortexM0\ARM_GCC_541\Debug\UART_Test_Slave.a(UART_ESP.o)
                                0x2f7 (size before relaxing)
 .debug_str     0x00000f69      0x17c .\CortexM0\ARM_GCC_541\Debug\UART_Test_Slave.a(UART_ESP_UART.o)
                                0x380 (size before relaxing)
 .debug_str     0x000010e5      0x14b .\CortexM0\ARM_GCC_541\Debug\UART_Test_Slave.a(UART_Putty.o)
                                0x315 (size before relaxing)
 .debug_str     0x00001230      0x111 .\CortexM0\ARM_GCC_541\Debug\UART_Test_Slave.a(UART_Putty_UART.o)
                                0x39e (size before relaxing)
 .debug_str     0x00001341       0xff .\CortexM0\ARM_GCC_541\Debug\UART_Test_Slave.a(UART_ESP_SPI_UART.o)
                                0x2fe (size before relaxing)
 .debug_str     0x00001440       0xe8 .\CortexM0\ARM_GCC_541\Debug\UART_Test_Slave.a(UART_Putty_SPI_UART.o)
                                0x312 (size before relaxing)

.debug_loc      0x00000000     0x1736
 *(.debug_loc)
 .debug_loc     0x00000000       0xa9 .\CortexM0\ARM_GCC_541\Debug\cyfitter_cfg.o
 .debug_loc     0x000000a9      0x14f .\CortexM0\ARM_GCC_541\Debug\Cm0Start.o
 .debug_loc     0x000001f8      0x599 .\CortexM0\ARM_GCC_541\Debug\UART_Test_Slave.a(CyLib.o)
 .debug_loc     0x00000791      0x9b5 .\CortexM0\ARM_GCC_541\Debug\UART_Test_Slave.a(CyLFClk.o)
 .debug_loc     0x00001146       0x7e .\CortexM0\ARM_GCC_541\Debug\UART_Test_Slave.a(UART_ESP.o)
 .debug_loc     0x000011c4      0x1e4 .\CortexM0\ARM_GCC_541\Debug\UART_Test_Slave.a(UART_ESP_UART.o)
 .debug_loc     0x000013a8       0x7e .\CortexM0\ARM_GCC_541\Debug\UART_Test_Slave.a(UART_Putty.o)
 .debug_loc     0x00001426      0x1e4 .\CortexM0\ARM_GCC_541\Debug\UART_Test_Slave.a(UART_Putty_UART.o)
 .debug_loc     0x0000160a       0x96 .\CortexM0\ARM_GCC_541\Debug\UART_Test_Slave.a(UART_ESP_SPI_UART.o)
 .debug_loc     0x000016a0       0x96 .\CortexM0\ARM_GCC_541\Debug\UART_Test_Slave.a(UART_Putty_SPI_UART.o)

.debug_macinfo
 *(.debug_macinfo)

.debug_ranges   0x00000000      0x4f0
 *(.debug_ranges)
 .debug_ranges  0x00000000       0x10 .\CortexM0\ARM_GCC_541\Debug\main.o
 .debug_ranges  0x00000010       0x20 .\CortexM0\ARM_GCC_541\Debug\cyfitter_cfg.o
 .debug_ranges  0x00000030       0x38 .\CortexM0\ARM_GCC_541\Debug\Cm0Start.o
 .debug_ranges  0x00000068      0x170 .\CortexM0\ARM_GCC_541\Debug\UART_Test_Slave.a(CyLib.o)
 .debug_ranges  0x000001d8      0x128 .\CortexM0\ARM_GCC_541\Debug\UART_Test_Slave.a(CyLFClk.o)
 .debug_ranges  0x00000300       0x50 .\CortexM0\ARM_GCC_541\Debug\UART_Test_Slave.a(UART_ESP.o)
 .debug_ranges  0x00000350       0x58 .\CortexM0\ARM_GCC_541\Debug\UART_Test_Slave.a(UART_ESP_UART.o)
 .debug_ranges  0x000003a8       0x50 .\CortexM0\ARM_GCC_541\Debug\UART_Test_Slave.a(UART_Putty.o)
 .debug_ranges  0x000003f8       0x58 .\CortexM0\ARM_GCC_541\Debug\UART_Test_Slave.a(UART_Putty_UART.o)
 .debug_ranges  0x00000450       0x50 .\CortexM0\ARM_GCC_541\Debug\UART_Test_Slave.a(UART_ESP_SPI_UART.o)
 .debug_ranges  0x000004a0       0x50 .\CortexM0\ARM_GCC_541\Debug\UART_Test_Slave.a(UART_Putty_SPI_UART.o)

.comment        0x00000000       0x6e
 .comment       0x00000000       0x6e .\CortexM0\ARM_GCC_541\Debug\main.o
                                 0x6f (size before relaxing)
 .comment       0x0000006e       0x6f .\CortexM0\ARM_GCC_541\Debug\cyfitter_cfg.o
 .comment       0x0000006e       0x6f .\CortexM0\ARM_GCC_541\Debug\cymetadata.o
 .comment       0x0000006e       0x6f .\CortexM0\ARM_GCC_541\Debug\Cm0Start.o
 .comment       0x0000006e       0x6f .\CortexM0\ARM_GCC_541\Debug\UART_Test_Slave.a(CyLib.o)
 .comment       0x0000006e       0x6f .\CortexM0\ARM_GCC_541\Debug\UART_Test_Slave.a(CyLFClk.o)
 .comment       0x0000006e       0x6f .\CortexM0\ARM_GCC_541\Debug\UART_Test_Slave.a(UART_ESP.o)
 .comment       0x0000006e       0x6f .\CortexM0\ARM_GCC_541\Debug\UART_Test_Slave.a(UART_ESP_UART.o)
 .comment       0x0000006e       0x6f .\CortexM0\ARM_GCC_541\Debug\UART_Test_Slave.a(UART_Putty.o)
 .comment       0x0000006e       0x6f .\CortexM0\ARM_GCC_541\Debug\UART_Test_Slave.a(UART_Putty_UART.o)
 .comment       0x0000006e       0x6f .\CortexM0\ARM_GCC_541\Debug\UART_Test_Slave.a(UART_ESP_SPI_UART.o)
 .comment       0x0000006e       0x6f .\CortexM0\ARM_GCC_541\Debug\UART_Test_Slave.a(UART_Putty_SPI_UART.o)

.debug_weaknames
 *(.debug_weaknames)

.debug_funcnames
 *(.debug_funcnames)

.debug_typenames
 *(.debug_typenames)

.debug_varnames
 *(.debug_varnames)

.note.gnu.arm.ident
 *(.note.gnu.arm.ident)

.ARM.attributes
                0x00000000       0x28
 *(.ARM.attributes)
 .ARM.attributes
                0x00000000       0x1e c:/program files (x86)/cypress/psoc creator/4.2/psoc creator/import/gnu/arm/5.4.1/bin/../lib/gcc/arm-none-eabi/5.4.1/armv6-m/crti.o
 .ARM.attributes
                0x0000001e       0x2c c:/program files (x86)/cypress/psoc creator/4.2/psoc creator/import/gnu/arm/5.4.1/bin/../lib/gcc/arm-none-eabi/5.4.1/armv6-m/crtbegin.o
 .ARM.attributes
                0x0000004a       0x1b c:/program files (x86)/cypress/psoc creator/4.2/psoc creator/import/gnu/arm/5.4.1/bin/../lib/gcc/arm-none-eabi/5.4.1/../../../../arm-none-eabi/lib/armv6-m/crt0.o
 .ARM.attributes
                0x00000065       0x31 .\CortexM0\ARM_GCC_541\Debug\main.o
 .ARM.attributes
                0x00000096       0x31 .\CortexM0\ARM_GCC_541\Debug\cyfitter_cfg.o
 .ARM.attributes
                0x000000c7       0x31 .\CortexM0\ARM_GCC_541\Debug\cymetadata.o
 .ARM.attributes
                0x000000f8       0x31 .\CortexM0\ARM_GCC_541\Debug\Cm0Start.o
 .ARM.attributes
                0x00000129       0x31 .\CortexM0\ARM_GCC_541\Debug\UART_Test_Slave.a(CyLib.o)
 .ARM.attributes
                0x0000015a       0x31 .\CortexM0\ARM_GCC_541\Debug\UART_Test_Slave.a(CyLFClk.o)
 .ARM.attributes
                0x0000018b       0x31 .\CortexM0\ARM_GCC_541\Debug\UART_Test_Slave.a(UART_ESP.o)
 .ARM.attributes
                0x000001bc       0x31 .\CortexM0\ARM_GCC_541\Debug\UART_Test_Slave.a(UART_ESP_UART.o)
 .ARM.attributes
                0x000001ed       0x31 .\CortexM0\ARM_GCC_541\Debug\UART_Test_Slave.a(UART_Putty.o)
 .ARM.attributes
                0x0000021e       0x31 .\CortexM0\ARM_GCC_541\Debug\UART_Test_Slave.a(UART_Putty_UART.o)
 .ARM.attributes
                0x0000024f       0x21 .\CortexM0\ARM_GCC_541\Debug\UART_Test_Slave.a(CyBootAsmGnu.o)
 .ARM.attributes
                0x00000270       0x31 .\CortexM0\ARM_GCC_541\Debug\UART_Test_Slave.a(UART_ESP_SPI_UART.o)
 .ARM.attributes
                0x000002a1       0x31 .\CortexM0\ARM_GCC_541\Debug\UART_Test_Slave.a(UART_Putty_SPI_UART.o)
 .ARM.attributes
                0x000002d2       0x1e c:/program files (x86)/cypress/psoc creator/4.2/psoc creator/import/gnu/arm/5.4.1/bin/../lib/gcc/arm-none-eabi/5.4.1/armv6-m\libgcc.a(_udivsi3.o)
 .ARM.attributes
                0x000002f0       0x1e c:/program files (x86)/cypress/psoc creator/4.2/psoc creator/import/gnu/arm/5.4.1/bin/../lib/gcc/arm-none-eabi/5.4.1/armv6-m\libgcc.a(_dvmd_tls.o)
 .ARM.attributes
                0x0000030e       0x2c c:/program files (x86)/cypress/psoc creator/4.2/psoc creator/import/gnu/arm/5.4.1/bin/../lib/gcc/arm-none-eabi/5.4.1/../../../../arm-none-eabi/lib/armv6-m\libg_nano.a(lib_a-errno.o)
 .ARM.attributes
                0x0000033a       0x2c c:/program files (x86)/cypress/psoc creator/4.2/psoc creator/import/gnu/arm/5.4.1/bin/../lib/gcc/arm-none-eabi/5.4.1/../../../../arm-none-eabi/lib/armv6-m\libg_nano.a(lib_a-exit.o)
 .ARM.attributes
                0x00000366       0x2c c:/program files (x86)/cypress/psoc creator/4.2/psoc creator/import/gnu/arm/5.4.1/bin/../lib/gcc/arm-none-eabi/5.4.1/../../../../arm-none-eabi/lib/armv6-m\libg_nano.a(lib_a-impure.o)
 .ARM.attributes
                0x00000392       0x2c c:/program files (x86)/cypress/psoc creator/4.2/psoc creator/import/gnu/arm/5.4.1/bin/../lib/gcc/arm-none-eabi/5.4.1/../../../../arm-none-eabi/lib/armv6-m\libg_nano.a(lib_a-init.o)
 .ARM.attributes
                0x000003be       0x2c c:/program files (x86)/cypress/psoc creator/4.2/psoc creator/import/gnu/arm/5.4.1/bin/../lib/gcc/arm-none-eabi/5.4.1/../../../../arm-none-eabi/lib/armv6-m\libg_nano.a(lib_a-memset.o)
 .ARM.attributes
                0x000003ea       0x2c c:/program files (x86)/cypress/psoc creator/4.2/psoc creator/import/gnu/arm/5.4.1/bin/../lib/gcc/arm-none-eabi/5.4.1/armv6-m/crtend.o
 .ARM.attributes
                0x00000416       0x1e c:/program files (x86)/cypress/psoc creator/4.2/psoc creator/import/gnu/arm/5.4.1/bin/../lib/gcc/arm-none-eabi/5.4.1/armv6-m/crtn.o

/DISCARD/
 *(.note.GNU-stack)
OUTPUT(C:\Users\11800025\Documents\PSoC Creator\UART_slave\UART_Test_Slave.cydsn\CortexM0\ARM_GCC_541\Debug\UART_Test_Slave.elf elf32-littlearm)
